<?php return array (
  0 => 'Symfony\\Bundle\\FrameworkBundle\\Controller\\AbstractController',
  1 => 'App\\Controller\\EnseignantController',
  2 => 'App\\Controller\\EtudiantController',
  3 => 'App\\Controller\\RPController',
  4 => 'App\\Controller\\StageController',
  5 => 'App\\Entity\\Activite',
  6 => 'App\\Entity\\Bac',
  7 => 'App\\Entity\\Bloc',
  8 => 'App\\Entity\\Cadre',
  9 => 'App\\Entity\\Commentaire',
  10 => 'App\\Entity\\Competence',
  11 => 'App\\Entity\\DomaineTaches',
  12 => 'App\\Entity\\Enseignant',
  13 => 'App\\Entity\\Etudiant',
  14 => 'App\\Entity\\Jour',
  15 => 'App\\Entity\\Localisation',
  16 => 'App\\Entity\\Matiere',
  17 => 'App\\Entity\\Niveau',
  18 => 'App\\Entity\\OptionI',
  19 => 'App\\Entity\\Production',
  20 => 'App\\Entity\\Promotion',
  21 => 'App\\Entity\\RP',
  22 => 'App\\Entity\\RPActivite',
  23 => 'App\\Entity\\SemaineStage',
  24 => 'App\\Entity\\Source',
  25 => 'App\\Entity\\Stage',
  26 => 'App\\Entity\\Statut',
  27 => 'App\\Entity\\TacheSemaine',
  28 => 'App\\Entity\\Ville',
  29 => 'Doctrine\\Bundle\\DoctrineBundle\\Controller\\ProfilerController',
  30 => 'Doctrine\\ORM\\Cache\\Persister\\Entity\\AbstractEntityPersister',
  31 => 'Doctrine\\ORM\\Cache\\Persister\\Entity\\CachedEntityPersister',
  32 => 'Doctrine\\ORM\\Cache\\Persister\\Entity\\NonStrictReadWriteCachedEntityPersister',
  33 => 'Doctrine\\ORM\\Cache\\Persister\\Entity\\ReadOnlyCachedEntityPersister',
  34 => 'Doctrine\\ORM\\Cache\\Persister\\Entity\\ReadWriteCachedEntityPersister',
  35 => 'Doctrine\\ORM\\Persisters\\Entity\\AbstractEntityInheritancePersister',
  36 => 'Doctrine\\ORM\\Persisters\\Entity\\BasicEntityPersister',
  37 => 'Doctrine\\ORM\\Persisters\\Entity\\CachedPersisterContext',
  38 => 'Doctrine\\ORM\\Persisters\\Entity\\EntityPersister',
  39 => 'Doctrine\\ORM\\Persisters\\Entity\\JoinedSubclassPersister',
  40 => 'Doctrine\\ORM\\Persisters\\Entity\\SingleTablePersister',
  42 => 'Symfony\\Bundle\\FrameworkBundle\\Controller\\ControllerResolver',
  43 => 'Symfony\\Bundle\\FrameworkBundle\\Controller\\RedirectController',
  44 => 'Symfony\\Bundle\\FrameworkBundle\\Controller\\TemplateController',
  45 => 'Symfony\\Component\\HttpKernel\\Controller\\ArgumentResolver',
  46 => 'Symfony\\Component\\HttpKernel\\Controller\\ArgumentResolverInterface',
  47 => 'Symfony\\Component\\HttpKernel\\Controller\\ArgumentResolver\\DefaultValueResolver',
  48 => 'Symfony\\Component\\HttpKernel\\Controller\\ArgumentResolver\\NotTaggedControllerValueResolver',
  49 => 'Symfony\\Component\\HttpKernel\\Controller\\ArgumentResolver\\RequestAttributeValueResolver',
  50 => 'Symfony\\Component\\HttpKernel\\Controller\\ArgumentResolver\\RequestValueResolver',
  51 => 'Symfony\\Component\\HttpKernel\\Controller\\ArgumentResolver\\ServiceValueResolver',
  52 => 'Symfony\\Component\\HttpKernel\\Controller\\ArgumentResolver\\SessionValueResolver',
  53 => 'Symfony\\Component\\HttpKernel\\Controller\\ArgumentResolver\\TraceableValueResolver',
  54 => 'Symfony\\Component\\HttpKernel\\Controller\\ArgumentResolver\\VariadicValueResolver',
  55 => 'Symfony\\Component\\HttpKernel\\Controller\\ArgumentValueResolverInterface',
  56 => 'Symfony\\Component\\HttpKernel\\Controller\\ContainerControllerResolver',
  57 => 'Symfony\\Component\\HttpKernel\\Controller\\ControllerReference',
  58 => 'Symfony\\Component\\HttpKernel\\Controller\\ControllerResolver',
  59 => 'Symfony\\Component\\HttpKernel\\Controller\\ControllerResolverInterface',
  60 => 'Symfony\\Component\\HttpKernel\\Controller\\ErrorController',
  61 => 'Symfony\\Component\\HttpKernel\\Controller\\TraceableArgumentResolver',
  62 => 'Symfony\\Component\\HttpKernel\\Controller\\TraceableControllerResolver',
);